// Jest Snapshot v1, https://goo.gl/fbAQLP

exports[`Form renders with defaultProps 1`] = `
<form
  className="ax-form"
  onSubmit={[Function]}
>
  Lorem ipsum
</form>
`;
