// Jest Snapshot v1, https://goo.gl/fbAQLP

exports[`DurationPicker Snapshots renders with defaultProps 1`] = `
<Grid
  direction="row"
  fit={true}
  gutters="tiny"
  responsive={false}
  space="x0"
  wrap={true}
>
  <GridCell>
    <TextInput
      inlineLabel={false}
      onBlur={[Function]}
      onChange={[Function]}
      size="medium"
      space="x4"
      type="number"
      value="7"
    />
  </GridCell>
  <GridCell>
    <Dropdown
      enabled={true}
      onRequestClose={[Function]}
      position="bottom"
      showArrow={false}
    >
      <DropdownTarget>
        <TextInput
          inlineLabel={false}
          isTarget={true}
          readOnly={true}
          size="medium"
          space="x4"
          type="text"
          value="Days"
        >
          <TextInputIcon
            align="right"
            name="chevron-down"
          />
        </TextInput>
      </DropdownTarget>
      <DropdownSource>
        <DropdownContext
          maxHeight="30rem"
          position="top"
          width="14.5rem"
        >
          <DropdownMenu>
            <DropdownMenuItem
              key="minutes"
              onClick={[Function]}
              selected={false}
            >
              Minutes
            </DropdownMenuItem>
            <DropdownMenuItem
              key="hours"
              onClick={[Function]}
              selected={false}
            >
              Hours
            </DropdownMenuItem>
            <DropdownMenuItem
              key="days"
              onClick={[Function]}
              selected={true}
            >
              Days
            </DropdownMenuItem>
            <DropdownMenuItem
              key="weeks"
              onClick={[Function]}
              selected={false}
            >
              Weeks
            </DropdownMenuItem>
            <DropdownMenuItem
              key="months"
              onClick={[Function]}
              selected={false}
            >
              Months
            </DropdownMenuItem>
            <DropdownMenuItem
              key="years"
              onClick={[Function]}
              selected={false}
            >
              Years
            </DropdownMenuItem>
          </DropdownMenu>
        </DropdownContext>
      </DropdownSource>
    </Dropdown>
  </GridCell>
</Grid>
`;
