// Jest Snapshot v1, https://goo.gl/fbAQLP

exports[`Toolbar renders 1`] = `
<li
  className="ax-list__item"
>
  Test
</li>
`;
