// Jest Snapshot v1, https://goo.gl/fbAQLP

exports[`DialogBody renders with defaultProps 1`] = `
<div
  className="ax-dialog__body"
>
  Lorem ipsum
</div>
`;
