// Jest Snapshot v1, https://goo.gl/fbAQLP

exports[`DialogFooter renders with defaultProps 1`] = `
<div
  className="ax-dialog__footer"
>
  Lorem ipsum
</div>
`;
