// Jest Snapshot v1, https://goo.gl/fbAQLP

exports[`LabelGroup renders with defaultProps 1`] = `
<div
  className="ax-inline-group ax-label-group ax-space--x4"
>
  <div
    className="ax-inline-group__spacer"
  >
    <span
      className="ax-label ax-label--white ax-label--medium"
    >
      Lorem ipsum
    </span>
  </div>
</div>
`;
