// Jest Snapshot v1, https://goo.gl/fbAQLP

exports[`CloakContainer renders with defaultProps 1`] = `
<div
  className="ax-cloak__container"
>
  Lorem Ipsum
</div>
`;
